#-----------------------------------------------------------
# Vivado v2018.3 (64-bit)
# SW Build 2405991 on Thu Dec  6 23:38:27 MST 2018
# IP Build 2404404 on Fri Dec  7 01:43:56 MST 2018
# Start of session at: Wed Feb 20 06:26:30 2019
# Process ID: 10404
# Current directory: C:/Users/FoersterGame/Documents/GitHub/ENES246/-7ControlPath/2_2_case_Sequential
# Command line: vivado.exe -gui_launcher_event rodinguilauncherevent10504 C:\Users\FoersterGame\Documents\GitHub\ENES246\-7ControlPath\2_2_case_Sequential\2_2_case.xpr
# Log file: C:/Users/FoersterGame/Documents/GitHub/ENES246/-7ControlPath/2_2_case_Sequential/vivado.log
# Journal file: C:/Users/FoersterGame/Documents/GitHub/ENES246/-7ControlPath/2_2_case_Sequential\vivado.jou
#-----------------------------------------------------------
start_gui
open_project C:/Users/FoersterGame/Documents/GitHub/ENES246/-7ControlPath/2_2_case_Sequential/2_2_case.xpr
update_compile_order -fileset sources_1
synth_design -rtl -name rtl_1
refresh_design
refresh_design
refresh_design
refresh_design
reset_run synth_1
launch_runs impl_1 -to_step write_bitstream -jobs 4
wait_on_run impl_1
refresh_design
reset_run synth_1
launch_runs impl_1 -to_step write_bitstream -jobs 4
wait_on_run impl_1
refresh_design
reset_run synth_1
launch_runs impl_1 -to_step write_bitstream -jobs 4
wait_on_run impl_1
open_hw
connect_hw_server
open_hw_target
set_property PROGRAM.FILE {C:/Users/FoersterGame/Documents/GitHub/ENES246/-7ControlPath/2_2_case_Sequential/2_2_case.runs/impl_1/case_parallel.bit} [get_hw_devices xc7a100t_0]
current_hw_device [get_hw_devices xc7a100t_0]
refresh_hw_device -update_hw_probes false [lindex [get_hw_devices xc7a100t_0] 0]
set_property PROBES.FILE {} [get_hw_devices xc7a100t_0]
set_property FULL_PROBES.FILE {} [get_hw_devices xc7a100t_0]
set_property PROGRAM.FILE {C:/Users/FoersterGame/Documents/GitHub/ENES246/-7ControlPath/2_2_case_Sequential/2_2_case.runs/impl_1/case_parallel.bit} [get_hw_devices xc7a100t_0]
program_hw_devices [get_hw_devices xc7a100t_0]
refresh_hw_device [lindex [get_hw_devices xc7a100t_0] 0]
close_hw
refresh_design
reset_run synth_1
launch_runs synth_1 -jobs 4
wait_on_run synth_1
close_design
open_run synth_1 -name synth_1
reset_run synth_1
launch_runs synth_1 -jobs 4
wait_on_run synth_1
close_design
open_run synth_1 -name synth_1
close_project
open_project C:/Users/FoersterGame/Documents/GitHub/ENES246/-7ControlPath/2_2_case_clocked/2_2_case_clocked.xpr
update_compile_order -fileset sources_1
synth_design -rtl -name rtl_1
refresh_design
reset_run synth_1
launch_runs synth_1 -jobs 4
wait_on_run synth_1
launch_runs impl_1 -jobs 4
wait_on_run impl_1
refresh_design
refresh_design
refresh_design
refresh_design
refresh_design
reset_run synth_1
launch_runs synth_1 -jobs 4
wait_on_run synth_1
close_design
open_run synth_1 -name synth_1
launch_runs impl_1 -jobs 4
wait_on_run impl_1
launch_runs impl_1 -to_step write_bitstream -jobs 4
wait_on_run impl_1
close_design
open_run impl_1
close_project
open_project C:/Users/FoersterGame/Documents/GitHub/ENES246/-7ControlPath/2_2_case_Sequential/2_2_case.xpr
update_compile_order -fileset sources_1
reset_run synth_1
launch_runs impl_1 -to_step write_bitstream -jobs 4
wait_on_run impl_1
close_project
