#-----------------------------------------------------------
# Vivado v2018.3 (64-bit)
# SW Build 2405991 on Thu Dec  6 23:38:27 MST 2018
# IP Build 2404404 on Fri Dec  7 01:43:56 MST 2018
# Start of session at: Wed May  1 15:08:23 2019
# Process ID: 12032
# Current directory: C:/Users/SET253-04U.HCCMAIN/Documents/GitHub/Jordan-s-ENES246/13Debounce_Shift/3_reUseableDeBounce
# Command line: vivado.exe -gui_launcher_event rodinguilauncherevent7260 C:\Users\SET253-04U.HCCMAIN\Documents\GitHub\Jordan-s-ENES246\13Debounce_Shift\3_reUseableDeBounce\deBounce.xpr
# Log file: C:/Users/SET253-04U.HCCMAIN/Documents/GitHub/Jordan-s-ENES246/13Debounce_Shift/3_reUseableDeBounce/vivado.log
# Journal file: C:/Users/SET253-04U.HCCMAIN/Documents/GitHub/Jordan-s-ENES246/13Debounce_Shift/3_reUseableDeBounce\vivado.jou
#-----------------------------------------------------------
start_gui
open_project C:/Users/SET253-04U.HCCMAIN/Documents/GitHub/Jordan-s-ENES246/13Debounce_Shift/3_reUseableDeBounce/deBounce.xpr
update_compile_order -fileset sources_1
close_project
