#-----------------------------------------------------------
# Vivado v2018.3 (64-bit)
# SW Build 2405991 on Thu Dec  6 23:38:27 MST 2018
# IP Build 2404404 on Fri Dec  7 01:43:56 MST 2018
# Start of session at: Tue Jan 22 11:28:53 2019
# Process ID: 13044
# Current directory: C:/Users/Scott Foerster/Documents/GitHub/ENES246/-5MuxOfMux/m4x2Mux/m4x2Mux/m4x2Mux
# Command line: vivado.exe -gui_launcher_event rodinguilauncherevent9828 C:\Users\Scott Foerster\Documents\GitHub\ENES246\-5MuxOfMux\m4x2Mux\m4x2Mux\m4x2Mux\m4x2Mux.xpr
# Log file: C:/Users/Scott Foerster/Documents/GitHub/ENES246/-5MuxOfMux/m4x2Mux/m4x2Mux/m4x2Mux/vivado.log
# Journal file: C:/Users/Scott Foerster/Documents/GitHub/ENES246/-5MuxOfMux/m4x2Mux/m4x2Mux/m4x2Mux\vivado.jou
#-----------------------------------------------------------
start_gui
open_project {C:/Users/Scott Foerster/Documents/GitHub/ENES246/-5MuxOfMux/m4x2Mux/m4x2Mux/m4x2Mux/m4x2Mux.xpr}
update_compile_order -fileset sources_1
synth_design -rtl -name rtl_1
reset_run synth_1
launch_runs synth_1 -jobs 3
wait_on_run synth_1
close_design
open_run synth_1 -name synth_1
launch_runs impl_1 -jobs 3
wait_on_run impl_1
close_design
open_run impl_1
close_project
create_project mux7_7 {C:/Users/Scott Foerster/Documents/GitHub/ENES246/-5MuxOfMux/mux7_7} -part xc7a100tcsg324-1
set_property board_part digilentinc.com:nexys4_ddr:part0:1.1 [current_project]
file mkdir C:/Users/Scott Foerster/Documents/GitHub/ENES246/-5MuxOfMux/mux7_7/mux7_7.srcs/sources_1/new
file mkdir C:/Users/Scott Foerster/Documents/GitHub/ENES246/-5MuxOfMux/mux7_7/mux7_7.srcs/sources_1/new
file mkdir C:/Users/Scott Foerster/Documents/GitHub/ENES246/-5MuxOfMux/mux7_7/mux7_7.srcs/sources_1/new
file mkdir {C:/Users/Scott Foerster/Documents/GitHub/ENES246/-5MuxOfMux/mux7_7/mux7_7.srcs/sources_1/new}
close [ open {C:/Users/Scott Foerster/Documents/GitHub/ENES246/-5MuxOfMux/mux7_7/mux7_7.srcs/sources_1/new/mux7_7.v} w ]
add_files {{C:/Users/Scott Foerster/Documents/GitHub/ENES246/-5MuxOfMux/mux7_7/mux7_7.srcs/sources_1/new/mux7_7.v}}
import_files -fileset constrs_1 -force -norecurse {{C:/Users/Scott Foerster/Documents/GitHub/ENES246/-5MuxOfMux/m2x1Mux/m2x1Mux.srcs/constrs_1/imports/m2x1Mux/Nexys4DDR_Master.xdc}}
update_compile_order -fileset sources_1
synth_design -rtl -name rtl_1
launch_runs synth_1 -jobs 3
wait_on_run synth_1
close_design
open_run synth_1 -name synth_1
close_project
open_project {C:/Users/Scott Foerster/Documents/GitHub/ENES246/-5MuxOfMux/mux7_7/mux7_7.xpr}
update_compile_order -fileset sources_1
open_run synth_1 -name synth_1
