Copyright 1986-2018 Xilinx, Inc. All Rights Reserved.
---------------------------------------------------------------------------------------------------------------------
| Tool Version : Vivado v.2018.3 (win64) Build 2405991 Thu Dec  6 23:38:27 MST 2018
| Date         : Mon May 20 16:03:58 2019
| Host         : SET253-04C running 64-bit major release  (build 9200)
| Command      : report_drc -file latch_test_drc_opted.rpt -pb latch_test_drc_opted.pb -rpx latch_test_drc_opted.rpx
| Design       : latch_test
| Device       : xc7a100tcsg324-1
| Speed File   : -1
| Design State : Synthesized
---------------------------------------------------------------------------------------------------------------------

Report DRC

Table of Contents
-----------------
1. REPORT SUMMARY
2. REPORT DETAILS

1. REPORT SUMMARY
-----------------
            Netlist: netlist
          Floorplan: design_1
      Design limits: <entire design considered>
           Ruledeck: default
             Max violations: <unlimited>
             Violations found: 2
+-------------+----------+-------------------------------------------------------------+------------+
| Rule        | Severity | Description                                                 | Violations |
+-------------+----------+-------------------------------------------------------------+------------+
| PLHOLDVIO-2 | Warning  | Non-Optimal connections which could lead to hold violations | 2          |
+-------------+----------+-------------------------------------------------------------+------------+

2. REPORT DETAILS
-----------------
PLHOLDVIO-2#1 Warning
Non-Optimal connections which could lead to hold violations  
A LUT LEDBlue_i_2 is driving clock pin of 1 cells. This could lead to large hold time violations. Involved cells are:
LEDBlue_reg
Related violations: <none>

PLHOLDVIO-2#2 Warning
Non-Optimal connections which could lead to hold violations  
A LUT new_pwm[7]_i_1 is driving clock pin of 8 cells. This could lead to large hold time violations. Involved cells are:
new_pwm_reg[0], new_pwm_reg[1], new_pwm_reg[2], new_pwm_reg[3], new_pwm_reg[4], new_pwm_reg[5], new_pwm_reg[6], new_pwm_reg[7]
Related violations: <none>


