#-----------------------------------------------------------
# Vivado v2018.3 (64-bit)
# SW Build 2405991 on Thu Dec  6 23:38:27 MST 2018
# IP Build 2404404 on Fri Dec  7 01:43:56 MST 2018
# Start of session at: Wed Mar 27 14:27:56 2019
# Process ID: 8812
# Current directory: C:/Users/SET253-04U.HCCMAIN/Documents/GitHub/Jordan-s-ENES246/10Latches/7_ComboLock_Verilog/ASN
# Command line: vivado.exe -gui_launcher_event rodinguilauncherevent10432 C:\Users\SET253-04U.HCCMAIN\Documents\GitHub\Jordan-s-ENES246\10Latches\7_ComboLock_Verilog\ASN\ComboLockASN.xpr
# Log file: C:/Users/SET253-04U.HCCMAIN/Documents/GitHub/Jordan-s-ENES246/10Latches/7_ComboLock_Verilog/ASN/vivado.log
# Journal file: C:/Users/SET253-04U.HCCMAIN/Documents/GitHub/Jordan-s-ENES246/10Latches/7_ComboLock_Verilog/ASN\vivado.jou
#-----------------------------------------------------------
start_gui
open_project C:/Users/SET253-04U.HCCMAIN/Documents/GitHub/Jordan-s-ENES246/10Latches/7_ComboLock_Verilog/ASN/ComboLockASN.xpr
update_compile_order -fileset sources_1
close_project
